// Jest Snapshot v1, https://goo.gl/fbAQLP

exports[`DigitalSignature renders 1`] = `
<DocumentFragment>
  <div
    class="envelope-list"
  >
    <div
      class="list-view"
    >
      <nav
        class="management-bar navbar navbar-expand-md management-bar-light"
      >
        <div
          class="container-fluid container-fluid-max-xl"
        >
          <ul
            class="navbar-nav"
          >
            <li
              class="nav-item"
            >
              <div
                class="dropdown"
              >
                <button
                  class="dropdown-toggle nav-link btn btn-unstyled"
                  disabled=""
                  id="filter-and-order"
                  style=""
                  type="button"
                >
                  <span
                    class="navbar-breakpoint-down-d-none"
                  >
                    filter-and-order
                    <svg
                      class="lexicon-icon lexicon-icon-caret-bottom inline-item inline-item-after"
                      role="presentation"
                    >
                      <use
                        xlink:href="#caret-bottom"
                      />
                    </svg>
                  </span>
                  <span
                    class="navbar-breakpoint-d-none"
                  >
                    <svg
                      class="lexicon-icon lexicon-icon-filter inline-item inline-item-after"
                      role="presentation"
                    >
                      <use
                        xlink:href="#filter"
                      />
                    </svg>
                  </span>
                </button>
              </div>
            </li>
            <li
              class="nav-item"
            >
              <button
                class="nav-link nav-link-monospaced order-arrow-down-active btn btn-monospaced btn-unstyled"
                disabled=""
                title="reverse-sort-direction"
                type="button"
              >
                <svg
                  class="lexicon-icon lexicon-icon-order-arrow"
                  role="presentation"
                >
                  <use
                    xlink:href="#order-arrow"
                  />
                </svg>
              </button>
            </li>
          </ul>
          <div
            class="navbar-form navbar-form-autofit navbar-overlay navbar-overlay-sm-down"
          >
            <div
              class="container-fluid container-fluid-max-xl"
            >
              <form
                role="search"
              >
                <div
                  class="input-group"
                >
                  <div
                    class="input-group-item"
                  >
                    <input
                      aria-label="search"
                      class="form-control input-group-inset input-group-inset-after"
                      disabled=""
                      placeholder="search..."
                      type="text"
                      value=""
                    />
                    <span
                      class="input-group-inset-item input-group-inset-item-after"
                    >
                      <button
                        class="navbar-breakpoint-d-none btn btn-monospaced btn-unstyled"
                        disabled=""
                        type="button"
                      >
                        <svg
                          class="lexicon-icon lexicon-icon-times"
                          role="presentation"
                        >
                          <use
                            xlink:href="#times"
                          />
                        </svg>
                      </button>
                      <button
                        class="btn btn-monospaced btn-unstyled"
                        disabled=""
                        type="submit"
                      >
                        <svg
                          class="lexicon-icon lexicon-icon-search"
                          role="presentation"
                        >
                          <use
                            xlink:href="#search"
                          />
                        </svg>
                      </button>
                    </span>
                  </div>
                </div>
              </form>
            </div>
          </div>
          <ul
            class="navbar-nav"
          >
            <li
              class="nav-item navbar-breakpoint-d-none"
            >
              <button
                class="nav-link nav-link-monospaced btn btn-unstyled"
                type="button"
              >
                <svg
                  class="lexicon-icon lexicon-icon-search"
                  role="presentation"
                >
                  <use
                    xlink:href="#search"
                  />
                </svg>
              </button>
            </li>
            <li
              class="nav-item"
            >
              <button
                class="nav-btn nav-btn-monospaced btn btn-monospaced btn-primary"
                type="button"
              >
                <svg
                  class="lexicon-icon lexicon-icon-plus"
                  role="presentation"
                >
                  <use
                    xlink:href="#plus"
                  />
                </svg>
              </button>
            </li>
          </ul>
        </div>
      </nav>
      <div
        class="taglib-empty-result-message"
      >
        <div
          class="text-center"
        >
          <div
            class="taglib-empty-state"
          />
          <h1
            class="taglib-empty-result-message-title"
          >
            there-are-no-entries
          </h1>
        </div>
      </div>
    </div>
  </div>
</DocumentFragment>
`;
