// Jest Snapshot v1, https://goo.gl/fbAQLP

exports[`MiniCart Item by data flow if the cart item has errors renders a div with icon and error text 1`] = `"<svg class=\\"lexicon-icon lexicon-icon-exclamation-circle\\" role=\\"presentation\\"><use xlink:href=\\"someSpritemap.svg#exclamation-circle\\"></use></svg><span>an-unexpected-error-occurred</span>"`;

exports[`MiniCart Item by data flow if the parsed options string is non-empty adds the "options" class name to the ItemInfoView wrapper div 1`] = `"<div class=\\"item-info-base\\"><h5 class=\\"item-name\\">An Item</h5><p class=\\"item-sku\\">ITEM0001</p></div><div class=\\"item-info-extra mt-3\\"><h6 class=\\"options\\">24, L</h6></div>"`;

exports[`MiniCart Item by default ...also with the item's thumbnail 1`] = `"<div class=\\"mini-cart-item-thumbnail\\" style=\\"background-image: url(http://some.url/thumbnail.png);\\"></div><div class=\\"mini-cart-item-info\\"><div class=\\"item-info-base\\"><h5 class=\\"item-name\\">An Item</h5><p class=\\"item-sku\\">ITEM0001</p></div></div><div class=\\"mini-cart-item-quantity\\"><input spritemap=\\"someSpritemap.svg\\" max=\\"2\\" step=\\"1\\" min=\\"1\\" class=\\"form-control quantity-selector\\" type=\\"number\\" value=\\"1\\"></div><div class=\\"mini-cart-item-price\\"><div class=\\"compact price\\"><span class=\\"price-label\\">list-price</span><span class=\\"price-value price-value-inactive\\">$ 8.00</span><span class=\\"price-label\\">sale-price</span><span class=\\"price-value price-value-promo\\">$ 8.00</span></div></div><div class=\\"mini-cart-item-delete\\"><button class=\\"btn btn-unstyled\\" type=\\"button\\"><svg class=\\"lexicon-icon lexicon-icon-times-circle-full\\" role=\\"presentation\\"><use xlink:href=\\"someSpritemap.svg#times-circle-full\\"></use></svg></button></div><div class=\\"mini-cart-item-removing\\"><span>the-item-has-been-removed</span><span><button class=\\"btn btn-sm btn-link\\" type=\\"button\\" href=\\"#\\">undo</button></span></div>"`;

exports[`MiniCart Item by default renders the cart item with its information (ItemInfoView), quantity (QuantitySelector), price (Price), and a button to remove it from the cart, plus a hidden div to handle the item removal cancellation 1`] = `"<div class=\\"mini-cart-item-info\\"><div class=\\"item-info-base\\"><h5 class=\\"item-name\\">An Item</h5><p class=\\"item-sku\\">ITEM0001</p></div></div><div class=\\"mini-cart-item-quantity\\"><input spritemap=\\"someSpritemap.svg\\" max=\\"2\\" step=\\"1\\" min=\\"1\\" class=\\"form-control quantity-selector\\" type=\\"number\\" value=\\"1\\"></div><div class=\\"mini-cart-item-price\\"><div class=\\"compact price\\"><span class=\\"price-label\\">list-price</span><span class=\\"price-value price-value-inactive\\">$ 8.00</span><span class=\\"price-label\\">sale-price</span><span class=\\"price-value price-value-promo\\">$ 8.00</span></div></div><div class=\\"mini-cart-item-delete\\"><button class=\\"btn btn-unstyled\\" type=\\"button\\"><svg class=\\"lexicon-icon lexicon-icon-times-circle-full\\" role=\\"presentation\\"><use xlink:href=\\"someSpritemap.svg#times-circle-full\\"></use></svg></button></div><div class=\\"mini-cart-item-removing\\"><span>the-item-has-been-removed</span><span><button class=\\"btn btn-sm btn-link\\" type=\\"button\\" href=\\"#\\">undo</button></span></div>"`;

exports[`MiniCart Item by interaction if the cart item delete button is clicked unhides the div to handle the item removal cancellation 1`] = `"<div class=\\"mini-cart-item-info\\"><div class=\\"item-info-base\\"><h5 class=\\"item-name\\">An Item</h5><p class=\\"item-sku\\">ITEM0001</p></div></div><div class=\\"mini-cart-item-quantity\\"><input spritemap=\\"someSpritemap.svg\\" max=\\"2\\" step=\\"1\\" min=\\"1\\" class=\\"form-control quantity-selector\\" type=\\"number\\" value=\\"1\\"></div><div class=\\"mini-cart-item-price\\"><div class=\\"compact price\\"><span class=\\"price-label\\">list-price</span><span class=\\"price-value price-value-inactive\\">$ 8.00</span><span class=\\"price-label\\">sale-price</span><span class=\\"price-value price-value-promo\\">$ 8.00</span></div></div><div class=\\"mini-cart-item-delete\\"><button class=\\"btn btn-unstyled\\" type=\\"button\\"><svg class=\\"lexicon-icon lexicon-icon-times-circle-full\\" role=\\"presentation\\"><use xlink:href=\\"someSpritemap.svg#times-circle-full\\"></use></svg></button></div><div class=\\"active mini-cart-item-removing\\"><span>the-item-has-been-removed</span><span><button class=\\"btn btn-sm btn-link\\" type=\\"button\\" href=\\"#\\">undo</button></span></div>"`;

exports[`MiniCart Item by interaction if the cart item quantity is edited, calls the API and if the request fails renders a div with icon and error text 1`] = `"<svg class=\\"lexicon-icon lexicon-icon-exclamation-circle\\" role=\\"presentation\\"><use xlink:href=\\"someSpritemap.svg#exclamation-circle\\"></use></svg><span>an-unexpected-error-occurred</span>"`;
