// Jest Snapshot v1, https://goo.gl/fbAQLP

exports[`SidebarPanelInfoView renders 1`] = `
<DocumentFragment>
  <div
    class="content-dashboard sidebar sidebar-light sidebar-sm"
  >
    <section
      class="sidebar-header"
    >
      <div
        class="sidebar-section autofit-row"
      >
        <div
          class="autofit-col autofit-col-expand"
        >
          <h2
            class="font-weight-bold mb-0 pr-2 small"
          >
            Basic Web Content Title
          </h2>
        </div>
        <div
          class="autofit-col"
        >
          <button
            aria-label="Close"
            class="mt-n2 text-secondary btn btn-monospaced btn-unstyled"
            type="button"
          >
            <svg
              class="lexicon-icon lexicon-icon-times"
              role="presentation"
            >
              <use
                xlink:href="#times"
              />
            </svg>
          </button>
        </div>
      </div>
    </section>
    <div
      class="sidebar-body"
    >
      <div
        class="mb-2 sidebar-section"
      >
        <p
          class="mb-1 text-secondary"
        >
          Basic Web Content
        </p>
        <div>
          <span
            class="label label-info"
          >
            <span
              class="label-item label-item-expand"
            >
              version 1.6
            </span>
          </span>
          <span
            class="label label-success"
          >
            <span
              class="label-item label-item-expand"
            >
              Approved
            </span>
          </span>
        </div>
        <div>
          <span
            class="label label-info"
          >
            <span
              class="label-item label-item-expand"
            >
              version 1.7
            </span>
          </span>
          <span
            class="label label-secondary"
          >
            <span
              class="label-item label-item-expand"
            >
              Draft
            </span>
          </span>
        </div>
      </div>
      <div
        class="sidebar-dl sidebar-section"
      >
        <span
          class="sticker sticker-user-icon user-icon-color-6 sticker-circle"
        >
          <span
            class="sticker-overlay"
          >
            <svg
              class="lexicon-icon lexicon-icon-user"
              role="presentation"
            >
              <use
                xlink:href="#user"
              />
            </svg>
          </span>
        </span>
        <span
          class="ml-2 text-secondary"
        >
          Kate Williams
        </span>
      </div>
      <h6
        class="font-weight-semi-bold sidebar-section-subtitle text-uppercase"
      >
        categorization
      </h6>
      <div
        class="c-mb-4 sidebar-dl sidebar-section"
      >
        <h5
          class="font-weight-semi-bold mb-1"
        >
          categories
        </h5>
        <p>
          <span
            class="label label-lg label-secondary"
          >
            <span
              class="label-item label-item-expand"
            >
              Crime
            </span>
          </span>
          <span
            class="label label-lg label-secondary"
          >
            <span
              class="label-item label-item-expand"
            >
              Romantic
            </span>
          </span>
          <span
            class="label label-lg label-secondary"
          >
            <span
              class="label-item label-item-expand"
            >
              Classics
            </span>
          </span>
          <span
            class="label label-lg label-secondary"
          >
            <span
              class="label-item label-item-expand"
            >
              Fantasy
            </span>
          </span>
          <span
            class="label label-lg label-secondary"
          >
            <span
              class="label-item label-item-expand"
            >
              Science Fiction
            </span>
          </span>
          <span
            class="label label-lg label-secondary"
          >
            <span
              class="label-item label-item-expand"
            >
              Advanced
            </span>
          </span>
          <span
            class="label label-lg label-secondary"
          >
            <span
              class="label-item label-item-expand"
            >
              Education
            </span>
          </span>
          <span
            class="label label-lg label-secondary"
          >
            <span
              class="label-item label-item-expand"
            >
              Decision
            </span>
          </span>
        </p>
      </div>
      <div
        class="c-mb-4 sidebar-dl sidebar-section"
      >
        <h5
          class="font-weight-semi-bold mb-1"
        >
          tags
        </h5>
        <p>
          <span
            class="label label-lg label-secondary"
          >
            <span
              class="label-item label-item-expand"
            >
              tag1
            </span>
          </span>
          <span
            class="label label-lg label-secondary"
          >
            <span
              class="label-item label-item-expand"
            >
              tag2
            </span>
          </span>
        </p>
      </div>
      <h6
        class="font-weight-semi-bold sidebar-section-subtitle text-uppercase"
      >
        details
      </h6>
      <div
        class="c-mb-4 sidebar-dl sidebar-section"
      >
        <h5
          class="font-weight-semi-bold mb-1"
        >
          display-date
        </h5>
        <p
          class="text-secondary"
        >
          Jul 27, 2020, 10:53 AM
        </p>
      </div>
      <div
        class="c-mb-4 sidebar-dl sidebar-section"
      >
        <h5
          class="font-weight-semi-bold mb-1"
        >
          creation-date
        </h5>
        <p
          class="text-secondary"
        >
          Jul 27, 2020, 10:50 AM
        </p>
      </div>
      <div
        class="c-mb-4 sidebar-dl sidebar-section"
      >
        <h5
          class="font-weight-semi-bold mb-1"
        >
          modified-date
        </h5>
        <p
          class="text-secondary"
        >
          Jul 27, 2020, 10:56 AM
        </p>
      </div>
      <div
        class="c-mb-4 sidebar-dl sidebar-section"
      >
        <h5
          class="font-weight-semi-bold mb-1"
        >
          expiration-date
        </h5>
        <p
          class="text-secondary"
        >
          Jul 28, 2020, 10:00 AM
        </p>
      </div>
      <div
        class="c-mb-4 sidebar-dl sidebar-section"
      >
        <h5
          class="font-weight-semi-bold mb-1"
        >
          review-date
        </h5>
        <p
          class="text-secondary"
        >
          Jul 27, 2020, 2:14 PM
        </p>
      </div>
      <div
        class="c-mb-4 sidebar-dl sidebar-section"
      >
        <h5
          class="font-weight-semi-bold mb-1"
        >
          id
        </h5>
        <p
          class="text-secondary"
        >
          38070
        </p>
      </div>
      <div
        class="c-mb-4 sidebar-dl sidebar-section"
      >
        <h5
          class="font-weight-semi-bold"
        >
          languages-translated-into
        </h5>
        <div
          class="autofit-row autofit-row-center"
        >
          <div
            class="inline-item-before autofit-col"
          >
            <svg
              class="lexicon-icon lexicon-icon-en-us c-mt-1"
              role="presentation"
            >
              <use
                xlink:href="#en-us"
              />
            </svg>
          </div>
          <div
            class="autofit-col autofit-col-expand"
          >
            <div
              class="autofit-row autofit-row-center"
            >
              <div
                class="inline-item-before small autofit-col"
              >
                en-US
              </div>
              <div
                class="autofit-col"
              >
                <span
                  class="label d-inline label-info"
                >
                  <span
                    class="label-item label-item-expand"
                  >
                    default
                  </span>
                </span>
              </div>
            </div>
          </div>
          <div
            class="autofit-col"
          >
            <a
              class="link-monospaced link-outline link-outline-borderless link-outline-secondary"
              data-tooltip-align="top"
              href="http://localhost:8080/en-US/web/guest/-/basic-web-content-title"
              title="view"
            >
              <svg
                class="lexicon-icon lexicon-icon-view"
                role="presentation"
              >
                <use
                  xlink:href="#view"
                />
              </svg>
            </a>
          </div>
        </div>
        <div
          class="autofit-row autofit-row-center"
        >
          <div
            class="inline-item-before autofit-col"
          >
            <svg
              class="lexicon-icon lexicon-icon-es-es c-mt-1"
              role="presentation"
            >
              <use
                xlink:href="#es-es"
              />
            </svg>
          </div>
          <div
            class="autofit-col autofit-col-expand"
          >
            <div
              class="autofit-row autofit-row-center"
            >
              <div
                class="inline-item-before small autofit-col"
              >
                es-ES
              </div>
              <div
                class="autofit-col"
              />
            </div>
          </div>
          <div
            class="autofit-col"
          >
            <a
              class="link-monospaced link-outline link-outline-borderless link-outline-secondary"
              data-tooltip-align="top"
              href="http://localhost:8080/es-ES/web/guest/-/basic-web-content-title"
              title="view"
            >
              <svg
                class="lexicon-icon lexicon-icon-view"
                role="presentation"
              >
                <use
                  xlink:href="#view"
                />
              </svg>
            </a>
          </div>
        </div>
        <div
          class="autofit-row autofit-row-center"
        >
          <div
            class="inline-item-before autofit-col"
          >
            <svg
              class="lexicon-icon lexicon-icon-fr-fr c-mt-1"
              role="presentation"
            >
              <use
                xlink:href="#fr-fr"
              />
            </svg>
          </div>
          <div
            class="autofit-col autofit-col-expand"
          >
            <div
              class="autofit-row autofit-row-center"
            >
              <div
                class="inline-item-before small autofit-col"
              >
                fr-FR
              </div>
              <div
                class="autofit-col"
              />
            </div>
          </div>
          <div
            class="autofit-col"
          >
            <a
              class="link-monospaced link-outline link-outline-borderless link-outline-secondary"
              data-tooltip-align="top"
              href="http://localhost:8080/fr-FR/web/guest/-/basic-web-content-title"
              title="view"
            >
              <svg
                class="lexicon-icon lexicon-icon-view"
                role="presentation"
              >
                <use
                  xlink:href="#view"
                />
              </svg>
            </a>
          </div>
        </div>
        <div
          class="autofit-row autofit-row-center"
        >
          <div
            class="inline-item-before autofit-col"
          >
            <svg
              class="lexicon-icon lexicon-icon-pt-br c-mt-1"
              role="presentation"
            >
              <use
                xlink:href="#pt-br"
              />
            </svg>
          </div>
          <div
            class="autofit-col autofit-col-expand"
          >
            <div
              class="autofit-row autofit-row-center"
            >
              <div
                class="inline-item-before small autofit-col"
              >
                pt-BR
              </div>
              <div
                class="autofit-col"
              />
            </div>
          </div>
          <div
            class="autofit-col"
          >
            <a
              class="link-monospaced link-outline link-outline-borderless link-outline-secondary"
              data-tooltip-align="top"
              href="http://localhost:8080/pt-BR/web/guest/-/basic-web-content-title"
              title="view"
            >
              <svg
                class="lexicon-icon lexicon-icon-view"
                role="presentation"
              >
                <use
                  xlink:href="#view"
                />
              </svg>
            </a>
          </div>
        </div>
      </div>
    </div>
  </div>
</DocumentFragment>
`;
