{
	"pageElement": {
		"pageElements": [
			{
				"definition": {
					"fragmentLink": {
						"href": {
							"mapping": {
								"itemReference": {
									"className": "com.liferay.portal.kernel.model.Layout",
									"fieldName": "plid",
									"fieldValue": "Â£{PLID}"
								}
							}
						}
					},
					"fragmentStyle": {
						"borderWidth": "0",
						"opacity": "100"
					},
					"layout": {
						"borderWidth": 0,
						"marginBottom": 0,
						"marginLeft": 0,
						"marginRight": 0,
						"marginTop": 0,
						"opacity": 100,
						"paddingBottom": 0,
						"paddingLeft": 0,
						"paddingRight": 0,
						"paddingTop": 0,
						"widthType": "Fluid"
					}
				},
				"type": "Section"
			}
		],
		"type": "Root"
	},
	"settings": {
		"colorSchemeName": "01",
		"themeName": "Classic"
	},
	"version": 1.1
}