// Jest Snapshot v1, https://goo.gl/fbAQLP

exports[`Validation renders checkbox to enable Validation 1`] = `
<div>
  <div
    class="form-group lfr-ddm-form-field-validation"
  >
    <div
      aria-labelledby="enableValidation"
      class="form-group hide"
      data-field-name="enableValidation"
      tabindex="0"
    >
      <label
        class="ddm-toggle-switch toggle-switch"
      >
        <input
          class="toggle-switch-check"
          name="enableValidation"
          type="checkbox"
          value="true"
        />
        <span
          aria-hidden="true"
          class="toggle-switch-bar"
        >
          <span
            class="toggle-switch-handle"
          />
          <span
            class="toggle-switch-text toggle-switch-text-right"
          >
            Validator
          </span>
        </span>
      </label>
      <input
        name="enableValidation_edited"
        type="hidden"
        value="false"
      />
      
    </div>
  </div>
</div>
`;
